// Jest Snapshot v1, https://goo.gl/fbAQLP

exports[`LandingPage With Snapshot render LandingPage component without crash 1`] = `
<div
  className="jsx-3564708715"
  id="landing-page-container"
>
  <h1
    className="jsx-3564708715"
    id="title"
  >
    OIENIV
  </h1>
  <p
    className="jsx-3564708715"
    id="slogan"
  >
    Columna y Baluarte de la Verdad
  </p>
  <p
    className="jsx-3564708715"
    id="mini-history"
  >
    Lorem ipsum dolor sit amet, consectetur adipisicing elit, sed do eiusmod tempor incididunt ut labore et dolore magna aliqua. Ut enim ad minim veniam, quis nostrud exercitation ullamco laboris nisi ut aliquip ex ea commodo consequat. Duis aute irure dolor in reprehenderit in voluptate velit esse cillum dolore eu fugiat nulla pariatur. Excepteur sint occaecat cupidatat non proident, sunt in culpa qui officia deserunt mollit anim id est laborum.
  </p>
</div>
`;
