// Jest Snapshot v1, https://goo.gl/fbAQLP

exports[`Render MissionVisionObjective without crash 1`] = `
<div
  id="mission-main"
>
  <div>
    <div
      className="mission-container"
    >
      <img
        alt="OIENIV Misi贸n"
        src="/static/images/flag1.svg"
      />
      <h2>
        Misi贸n
      </h2>
      <p>
        Lorem ipsum dolor sit amet, consectetur adipisicing elit, sed do eiusmod
		tempor incididunt ut labore et dolore magna aliqua. Ut enim ad minim veniam,
		quis nostrud exercitation ullamco laboris nisi ut aliquip ex ea commodo
		consequat. Duis aute irure dolor in reprehenderit in voluptate velit esse
		cillum dolore eu fugiat nulla pariatur. Excepteur sint occaecat cupidatat non
		proident, sunt in culpa qui officia deserunt mollit anim id est laborum.
      </p>
    </div>
    <div
      className="mission-container"
    >
      <img
        alt="OIENIV Visi贸n"
        src="/static/images/rocket.svg"
      />
      <h2>
        Visi贸n
      </h2>
      <p>
        Lorem ipsum dolor sit amet, consectetur adipisicing elit, sed do eiusmod
		tempor incididunt ut labore et dolore magna aliqua. Ut enim ad minim veniam,
		quis nostrud exercitation ullamco laboris nisi ut aliquip ex ea commodo
		consequat. Duis aute irure dolor in reprehenderit in voluptate velit esse
		cillum dolore eu fugiat nulla pariatur. Excepteur sint occaecat cupidatat non
		proident, sunt in culpa qui officia deserunt mollit anim id est laborum.
      </p>
    </div>
    <div
      className="mission-container"
    >
      <img
        alt="OIENIV Objetivo"
        src="/static/images/eye.svg"
      />
      <h2>
        Objetivo
      </h2>
      <p>
        Lorem ipsum dolor sit amet, consectetur adipisicing elit, sed do eiusmod
		tempor incididunt ut labore et dolore magna aliqua. Ut enim ad minim veniam,
		quis nostrud exercitation ullamco laboris nisi ut aliquip ex ea commodo
		consequat. Duis aute irure dolor in reprehenderit in voluptate velit esse
		cillum dolore eu fugiat nulla pariatur. Excepteur sint occaecat cupidatat non
		proident, sunt in culpa qui officia deserunt mollit anim id est laborum.
      </p>
    </div>
  </div>
  <style
    jsx={true}
  >
    
					#mission-main {
						padding: 50px 0;
					}
					.mission-container {
						width: 23.3%;
						background: red;
						display: inline-block;
						margin: 0 5%
					}
				
  </style>
</div>
`;
