// Jest Snapshot v1, https://goo.gl/fbAQLP

exports[`MissionVisionObjectiveChild with Snapshot render MissionVisionObjectiveChild without crash 1`] = `
<div
  className="mission-container"
>
  <div
    className="image-circle"
  >
    <img
      alt="OIENIV Mision"
      src="https://someURL.com"
    />
  </div>
  <h2>
    Mision
  </h2>
  <p>
    Hola Mundo
  </p>
</div>
`;
